// Jest Snapshot v1, https://goo.gl/fbAQLP

exports[`Pokemons should render 1`] = `
ShallowWrapper {
  Symbol(enzyme.__root__): [Circular],
  Symbol(enzyme.__unrendered__): <Pokemons
    action_props={
        Object {
            "pokemon_action": Object {
              "getPokemonsByName": [Function],
              "getPokemonsLimit": [Function],
              "setPokeTracker": [Function],
            },
          }
    }
    dispatch={[Function]}
    hasErrors={false}
    pokemon={Object {}}
    pokemonIndex={0}
    pokemons={Array []}
    searchedPokemon=""
    speciesData={Object {}}
    tracker={0}
/>,
  Symbol(enzyme.__renderer__): Object {
    "batchedUpdates": [Function],
    "checkPropTypes": [Function],
    "getNode": [Function],
    "render": [Function],
    "simulateError": [Function],
    "simulateEvent": [Function],
    "unmount": [Function],
  },
  Symbol(enzyme.__node__): Object {
    "instance": null,
    "key": undefined,
    "nodeType": "host",
    "props": Object {
      "children": Array [
        <Headers
          headerTitle="Pokedex"
          linkTo="#/"
/>,
        <div
          className="row"
>
          <div
                    className="pokemon_search"
          >
                    <div
                              className="pokemon__search__button"
                              onClick={[Function]}
                    >
                              <span
                                        className="icon fa-search"
                                        id="search__icon"
                              />
                    </div>
                    <Search
                              onChange={[Function]}
                              searchPokemon={[Function]}
                              searchedPokemon=""
                    />
          </div>
</div>,
        <div
          className="pokemon_row"
>
          <withRouter(Connect(NoResults))
                    searchedPokemon=""
          />
</div>,
      ],
      "className": "pokemon__app",
    },
    "ref": null,
    "rendered": Array [
      Object {
        "instance": null,
        "key": undefined,
        "nodeType": "function",
        "props": Object {
          "headerTitle": "Pokedex",
          "linkTo": "#/",
        },
        "ref": null,
        "rendered": null,
        "type": [Function],
      },
      Object {
        "instance": null,
        "key": undefined,
        "nodeType": "host",
        "props": Object {
          "children": <div
            className="pokemon_search"
>
            <div
                        className="pokemon__search__button"
                        onClick={[Function]}
            >
                        <span
                                    className="icon fa-search"
                                    id="search__icon"
                        />
            </div>
            <Search
                        onChange={[Function]}
                        searchPokemon={[Function]}
                        searchedPokemon=""
            />
</div>,
          "className": "row",
        },
        "ref": null,
        "rendered": Object {
          "instance": null,
          "key": undefined,
          "nodeType": "host",
          "props": Object {
            "children": Array [
              <div
                className="pokemon__search__button"
                onClick={[Function]}
>
                <span
                                className="icon fa-search"
                                id="search__icon"
                />
</div>,
              <Search
                onChange={[Function]}
                searchPokemon={[Function]}
                searchedPokemon=""
/>,
            ],
            "className": "pokemon_search",
          },
          "ref": null,
          "rendered": Array [
            Object {
              "instance": null,
              "key": undefined,
              "nodeType": "host",
              "props": Object {
                "children": <span
                  className="icon fa-search"
                  id="search__icon"
/>,
                "className": "pokemon__search__button",
                "onClick": [Function],
              },
              "ref": null,
              "rendered": Object {
                "instance": null,
                "key": undefined,
                "nodeType": "host",
                "props": Object {
                  "className": "icon fa-search",
                  "id": "search__icon",
                },
                "ref": null,
                "rendered": null,
                "type": "span",
              },
              "type": "div",
            },
            Object {
              "instance": null,
              "key": undefined,
              "nodeType": "class",
              "props": Object {
                "onChange": [Function],
                "searchPokemon": [Function],
                "searchedPokemon": "",
              },
              "ref": null,
              "rendered": null,
              "type": [Function],
            },
          ],
          "type": "div",
        },
        "type": "div",
      },
      Object {
        "instance": null,
        "key": undefined,
        "nodeType": "host",
        "props": Object {
          "children": <withRouter(Connect(NoResults))
            searchedPokemon=""
/>,
          "className": "pokemon_row",
        },
        "ref": null,
        "rendered": Object {
          "instance": null,
          "key": undefined,
          "nodeType": "function",
          "props": Object {
            "searchedPokemon": "",
          },
          "ref": null,
          "rendered": null,
          "type": [Function],
        },
        "type": "div",
      },
    ],
    "type": "div",
  },
  Symbol(enzyme.__nodes__): Array [
    Object {
      "instance": null,
      "key": undefined,
      "nodeType": "host",
      "props": Object {
        "children": Array [
          <Headers
            headerTitle="Pokedex"
            linkTo="#/"
/>,
          <div
            className="row"
>
            <div
                        className="pokemon_search"
            >
                        <div
                                    className="pokemon__search__button"
                                    onClick={[Function]}
                        >
                                    <span
                                                className="icon fa-search"
                                                id="search__icon"
                                    />
                        </div>
                        <Search
                                    onChange={[Function]}
                                    searchPokemon={[Function]}
                                    searchedPokemon=""
                        />
            </div>
</div>,
          <div
            className="pokemon_row"
>
            <withRouter(Connect(NoResults))
                        searchedPokemon=""
            />
</div>,
        ],
        "className": "pokemon__app",
      },
      "ref": null,
      "rendered": Array [
        Object {
          "instance": null,
          "key": undefined,
          "nodeType": "function",
          "props": Object {
            "headerTitle": "Pokedex",
            "linkTo": "#/",
          },
          "ref": null,
          "rendered": null,
          "type": [Function],
        },
        Object {
          "instance": null,
          "key": undefined,
          "nodeType": "host",
          "props": Object {
            "children": <div
              className="pokemon_search"
>
              <div
                            className="pokemon__search__button"
                            onClick={[Function]}
              >
                            <span
                                          className="icon fa-search"
                                          id="search__icon"
                            />
              </div>
              <Search
                            onChange={[Function]}
                            searchPokemon={[Function]}
                            searchedPokemon=""
              />
</div>,
            "className": "row",
          },
          "ref": null,
          "rendered": Object {
            "instance": null,
            "key": undefined,
            "nodeType": "host",
            "props": Object {
              "children": Array [
                <div
                  className="pokemon__search__button"
                  onClick={[Function]}
>
                  <span
                                    className="icon fa-search"
                                    id="search__icon"
                  />
</div>,
                <Search
                  onChange={[Function]}
                  searchPokemon={[Function]}
                  searchedPokemon=""
/>,
              ],
              "className": "pokemon_search",
            },
            "ref": null,
            "rendered": Array [
              Object {
                "instance": null,
                "key": undefined,
                "nodeType": "host",
                "props": Object {
                  "children": <span
                    className="icon fa-search"
                    id="search__icon"
/>,
                  "className": "pokemon__search__button",
                  "onClick": [Function],
                },
                "ref": null,
                "rendered": Object {
                  "instance": null,
                  "key": undefined,
                  "nodeType": "host",
                  "props": Object {
                    "className": "icon fa-search",
                    "id": "search__icon",
                  },
                  "ref": null,
                  "rendered": null,
                  "type": "span",
                },
                "type": "div",
              },
              Object {
                "instance": null,
                "key": undefined,
                "nodeType": "class",
                "props": Object {
                  "onChange": [Function],
                  "searchPokemon": [Function],
                  "searchedPokemon": "",
                },
                "ref": null,
                "rendered": null,
                "type": [Function],
              },
            ],
            "type": "div",
          },
          "type": "div",
        },
        Object {
          "instance": null,
          "key": undefined,
          "nodeType": "host",
          "props": Object {
            "children": <withRouter(Connect(NoResults))
              searchedPokemon=""
/>,
            "className": "pokemon_row",
          },
          "ref": null,
          "rendered": Object {
            "instance": null,
            "key": undefined,
            "nodeType": "function",
            "props": Object {
              "searchedPokemon": "",
            },
            "ref": null,
            "rendered": null,
            "type": [Function],
          },
          "type": "div",
        },
      ],
      "type": "div",
    },
  ],
  Symbol(enzyme.__options__): Object {
    "adapter": ReactSixteenAdapter {
      "options": Object {
        "enableComponentDidUpdateOnSetState": true,
        "legacyContextMode": "parent",
        "lifecycles": Object {
          "componentDidUpdate": Object {
            "onSetState": true,
          },
          "getChildContext": Object {
            "calledByRenderer": false,
          },
          "getDerivedStateFromError": true,
          "getDerivedStateFromProps": Object {
            "hasShouldComponentUpdateBug": false,
          },
          "getSnapshotBeforeUpdate": true,
          "setState": Object {
            "skipsComponentDidUpdateOnNullish": true,
          },
        },
      },
    },
    "disableLifeCycleMethods": true,
    Symbol(enzyme.__providerValues__): undefined,
  },
  Symbol(enzyme.__providerValues__): Map {},
  Symbol(enzyme.__childContext__): null,
}
`;
