// Jest Snapshot v1, https://goo.gl/fbAQLP

exports[`Pokemons Card should render 1`] = `
ShallowWrapper {
  Symbol(enzyme.__root__): [Circular],
  Symbol(enzyme.__unrendered__): <PokemonCard
    image="pokemonImageLink"
    name="aPokemon"
    pokemonIndex={1}
/>,
  Symbol(enzyme.__renderer__): Object {
    "batchedUpdates": [Function],
    "checkPropTypes": [Function],
    "getNode": [Function],
    "render": [Function],
    "simulateError": [Function],
    "simulateEvent": [Function],
    "unmount": [Function],
  },
  Symbol(enzyme.__node__): Object {
    "instance": null,
    "key": undefined,
    "nodeType": "host",
    "props": Object {
      "children": <a
        className="link-hover"
        href="#/Pokemon/1"
>
        <div
                className="card"
        >
                <h5
                        className="card-header"
                >
                        1
                </h5>
                <div
                        className="card-body mx-auto"
                >
                        <div
                                className="pokemon__image"
                        >
                                <img
                                        alt="loading gif"
                                        className="card-img-top rounded mx-auto d-block mt-2"
                                        id="pokemonGif"
                                        src="spinner.gif"
                                />
                                <img
                                        alt="some pokemon"
                                        id="pokemonGif"
                                        onError={[Function]}
                                        onLoad={[Function]}
                                        src="https://projectpokemon.org/images/normal-sprite/aPokemon.gif"
                                />
                        </div>
                        <h3
                                className="card-title"
                        >
                                 
                                APokemon
                                 
                        </h3>
                </div>
        </div>
</a>,
      "className": "individual__card",
    },
    "ref": null,
    "rendered": Object {
      "instance": null,
      "key": undefined,
      "nodeType": "host",
      "props": Object {
        "children": <div
          className="card"
>
          <h5
                    className="card-header"
          >
                    1
          </h5>
          <div
                    className="card-body mx-auto"
          >
                    <div
                              className="pokemon__image"
                    >
                              <img
                                        alt="loading gif"
                                        className="card-img-top rounded mx-auto d-block mt-2"
                                        id="pokemonGif"
                                        src="spinner.gif"
                              />
                              <img
                                        alt="some pokemon"
                                        id="pokemonGif"
                                        onError={[Function]}
                                        onLoad={[Function]}
                                        src="https://projectpokemon.org/images/normal-sprite/aPokemon.gif"
                              />
                    </div>
                    <h3
                              className="card-title"
                    >
                               
                              APokemon
                               
                    </h3>
          </div>
</div>,
        "className": "link-hover",
        "href": "/Pokemon/1",
      },
      "ref": null,
      "rendered": Object {
        "instance": null,
        "key": undefined,
        "nodeType": "host",
        "props": Object {
          "children": Array [
            <h5
              className="card-header"
>
              1
</h5>,
            <div
              className="card-body mx-auto"
>
              <div
                            className="pokemon__image"
              >
                            <img
                                          alt="loading gif"
                                          className="card-img-top rounded mx-auto d-block mt-2"
                                          id="pokemonGif"
                                          src="spinner.gif"
                            />
                            <img
                                          alt="some pokemon"
                                          id="pokemonGif"
                                          onError={[Function]}
                                          onLoad={[Function]}
                                          src="https://projectpokemon.org/images/normal-sprite/aPokemon.gif"
                            />
              </div>
              <h3
                            className="card-title"
              >
                             
                            APokemon
                             
              </h3>
</div>,
          ],
          "className": "card",
        },
        "ref": null,
        "rendered": Array [
          Object {
            "instance": null,
            "key": undefined,
            "nodeType": "host",
            "props": Object {
              "children": 1,
              "className": "card-header",
            },
            "ref": null,
            "rendered": 1,
            "type": "h5",
          },
          Object {
            "instance": null,
            "key": undefined,
            "nodeType": "host",
            "props": Object {
              "children": Array [
                <div
                  className="pokemon__image"
>
                  <img
                                    alt="loading gif"
                                    className="card-img-top rounded mx-auto d-block mt-2"
                                    id="pokemonGif"
                                    src="spinner.gif"
                  />
                  <img
                                    alt="some pokemon"
                                    id="pokemonGif"
                                    onError={[Function]}
                                    onLoad={[Function]}
                                    src="https://projectpokemon.org/images/normal-sprite/aPokemon.gif"
                  />
</div>,
                <h3
                  className="card-title"
>
                   
                  APokemon
                   
</h3>,
              ],
              "className": "card-body mx-auto",
            },
            "ref": null,
            "rendered": Array [
              Object {
                "instance": null,
                "key": undefined,
                "nodeType": "host",
                "props": Object {
                  "children": Array [
                    <img
                      alt="loading gif"
                      className="card-img-top rounded mx-auto d-block mt-2"
                      id="pokemonGif"
                      src="spinner.gif"
/>,
                    <img
                      alt="some pokemon"
                      id="pokemonGif"
                      onError={[Function]}
                      onLoad={[Function]}
                      src="https://projectpokemon.org/images/normal-sprite/aPokemon.gif"
/>,
                    false,
                  ],
                  "className": "pokemon__image",
                },
                "ref": null,
                "rendered": Array [
                  Object {
                    "instance": null,
                    "key": undefined,
                    "nodeType": "host",
                    "props": Object {
                      "alt": "loading gif",
                      "className": "card-img-top rounded mx-auto d-block mt-2",
                      "id": "pokemonGif",
                      "src": "spinner.gif",
                    },
                    "ref": null,
                    "rendered": null,
                    "type": "img",
                  },
                  Object {
                    "instance": null,
                    "key": undefined,
                    "nodeType": "host",
                    "props": Object {
                      "alt": "some pokemon",
                      "id": "pokemonGif",
                      "onError": [Function],
                      "onLoad": [Function],
                      "src": "https://projectpokemon.org/images/normal-sprite/aPokemon.gif",
                    },
                    "ref": null,
                    "rendered": null,
                    "type": "img",
                  },
                  false,
                ],
                "type": "div",
              },
              Object {
                "instance": null,
                "key": undefined,
                "nodeType": "host",
                "props": Object {
                  "children": Array [
                    " ",
                    "APokemon",
                    " ",
                  ],
                  "className": "card-title",
                },
                "ref": null,
                "rendered": Array [
                  " ",
                  "APokemon",
                  " ",
                ],
                "type": "h3",
              },
            ],
            "type": "div",
          },
        ],
        "type": "div",
      },
      "type": "a",
    },
    "type": "div",
  },
  Symbol(enzyme.__nodes__): Array [
    Object {
      "instance": null,
      "key": undefined,
      "nodeType": "host",
      "props": Object {
        "children": <a
          className="link-hover"
          href="#/Pokemon/1"
>
          <div
                    className="card"
          >
                    <h5
                              className="card-header"
                    >
                              1
                    </h5>
                    <div
                              className="card-body mx-auto"
                    >
                              <div
                                        className="pokemon__image"
                              >
                                        <img
                                                  alt="loading gif"
                                                  className="card-img-top rounded mx-auto d-block mt-2"
                                                  id="pokemonGif"
                                                  src="spinner.gif"
                                        />
                                        <img
                                                  alt="some pokemon"
                                                  id="pokemonGif"
                                                  onError={[Function]}
                                                  onLoad={[Function]}
                                                  src="https://projectpokemon.org/images/normal-sprite/aPokemon.gif"
                                        />
                              </div>
                              <h3
                                        className="card-title"
                              >
                                         
                                        APokemon
                                         
                              </h3>
                    </div>
          </div>
</a>,
        "className": "individual__card",
      },
      "ref": null,
      "rendered": Object {
        "instance": null,
        "key": undefined,
        "nodeType": "host",
        "props": Object {
          "children": <div
            className="card"
>
            <h5
                        className="card-header"
            >
                        1
            </h5>
            <div
                        className="card-body mx-auto"
            >
                        <div
                                    className="pokemon__image"
                        >
                                    <img
                                                alt="loading gif"
                                                className="card-img-top rounded mx-auto d-block mt-2"
                                                id="pokemonGif"
                                                src="spinner.gif"
                                    />
                                    <img
                                                alt="some pokemon"
                                                id="pokemonGif"
                                                onError={[Function]}
                                                onLoad={[Function]}
                                                src="https://projectpokemon.org/images/normal-sprite/aPokemon.gif"
                                    />
                        </div>
                        <h3
                                    className="card-title"
                        >
                                     
                                    APokemon
                                     
                        </h3>
            </div>
</div>,
          "className": "link-hover",
          "href": "/Pokemon/1",
        },
        "ref": null,
        "rendered": Object {
          "instance": null,
          "key": undefined,
          "nodeType": "host",
          "props": Object {
            "children": Array [
              <h5
                className="card-header"
>
                1
</h5>,
              <div
                className="card-body mx-auto"
>
                <div
                                className="pokemon__image"
                >
                                <img
                                                alt="loading gif"
                                                className="card-img-top rounded mx-auto d-block mt-2"
                                                id="pokemonGif"
                                                src="spinner.gif"
                                />
                                <img
                                                alt="some pokemon"
                                                id="pokemonGif"
                                                onError={[Function]}
                                                onLoad={[Function]}
                                                src="https://projectpokemon.org/images/normal-sprite/aPokemon.gif"
                                />
                </div>
                <h3
                                className="card-title"
                >
                                 
                                APokemon
                                 
                </h3>
</div>,
            ],
            "className": "card",
          },
          "ref": null,
          "rendered": Array [
            Object {
              "instance": null,
              "key": undefined,
              "nodeType": "host",
              "props": Object {
                "children": 1,
                "className": "card-header",
              },
              "ref": null,
              "rendered": 1,
              "type": "h5",
            },
            Object {
              "instance": null,
              "key": undefined,
              "nodeType": "host",
              "props": Object {
                "children": Array [
                  <div
                    className="pokemon__image"
>
                    <img
                                        alt="loading gif"
                                        className="card-img-top rounded mx-auto d-block mt-2"
                                        id="pokemonGif"
                                        src="spinner.gif"
                    />
                    <img
                                        alt="some pokemon"
                                        id="pokemonGif"
                                        onError={[Function]}
                                        onLoad={[Function]}
                                        src="https://projectpokemon.org/images/normal-sprite/aPokemon.gif"
                    />
</div>,
                  <h3
                    className="card-title"
>
                     
                    APokemon
                     
</h3>,
                ],
                "className": "card-body mx-auto",
              },
              "ref": null,
              "rendered": Array [
                Object {
                  "instance": null,
                  "key": undefined,
                  "nodeType": "host",
                  "props": Object {
                    "children": Array [
                      <img
                        alt="loading gif"
                        className="card-img-top rounded mx-auto d-block mt-2"
                        id="pokemonGif"
                        src="spinner.gif"
/>,
                      <img
                        alt="some pokemon"
                        id="pokemonGif"
                        onError={[Function]}
                        onLoad={[Function]}
                        src="https://projectpokemon.org/images/normal-sprite/aPokemon.gif"
/>,
                      false,
                    ],
                    "className": "pokemon__image",
                  },
                  "ref": null,
                  "rendered": Array [
                    Object {
                      "instance": null,
                      "key": undefined,
                      "nodeType": "host",
                      "props": Object {
                        "alt": "loading gif",
                        "className": "card-img-top rounded mx-auto d-block mt-2",
                        "id": "pokemonGif",
                        "src": "spinner.gif",
                      },
                      "ref": null,
                      "rendered": null,
                      "type": "img",
                    },
                    Object {
                      "instance": null,
                      "key": undefined,
                      "nodeType": "host",
                      "props": Object {
                        "alt": "some pokemon",
                        "id": "pokemonGif",
                        "onError": [Function],
                        "onLoad": [Function],
                        "src": "https://projectpokemon.org/images/normal-sprite/aPokemon.gif",
                      },
                      "ref": null,
                      "rendered": null,
                      "type": "img",
                    },
                    false,
                  ],
                  "type": "div",
                },
                Object {
                  "instance": null,
                  "key": undefined,
                  "nodeType": "host",
                  "props": Object {
                    "children": Array [
                      " ",
                      "APokemon",
                      " ",
                    ],
                    "className": "card-title",
                  },
                  "ref": null,
                  "rendered": Array [
                    " ",
                    "APokemon",
                    " ",
                  ],
                  "type": "h3",
                },
              ],
              "type": "div",
            },
          ],
          "type": "div",
        },
        "type": "a",
      },
      "type": "div",
    },
  ],
  Symbol(enzyme.__options__): Object {
    "adapter": ReactSixteenAdapter {
      "options": Object {
        "enableComponentDidUpdateOnSetState": true,
        "legacyContextMode": "parent",
        "lifecycles": Object {
          "componentDidUpdate": Object {
            "onSetState": true,
          },
          "getChildContext": Object {
            "calledByRenderer": false,
          },
          "getDerivedStateFromError": true,
          "getDerivedStateFromProps": Object {
            "hasShouldComponentUpdateBug": false,
          },
          "getSnapshotBeforeUpdate": true,
          "setState": Object {
            "skipsComponentDidUpdateOnNullish": true,
          },
        },
      },
    },
    "disableLifeCycleMethods": true,
    Symbol(enzyme.__providerValues__): undefined,
  },
  Symbol(enzyme.__providerValues__): Map {},
  Symbol(enzyme.__childContext__): null,
}
`;
