// Jest Snapshot v1, https://goo.gl/fbAQLP

exports[`TicTacToe should render 1`] = `
ShallowWrapper {
  Symbol(enzyme.__root__): [Circular],
  Symbol(enzyme.__unrendered__): <TicTacToe
    action_props={
        Object {
            "games_action": Object {
              "setCurrentPlayer": [Function],
              "setGameMessage": [Function],
              "setGameOver": [Function],
              "setGameType": [Function],
              "setPlayer1Score": [Function],
              "setPlayer2Score": [Function],
              "setTie": [Function],
            },
            "tic_tac_toe_action": Object {
              "adjust_number_of_turns": [Function],
              "setTicTacToeCell": [Function],
              "setWinIndex": [Function],
              "updateCurrentPositions": [Function],
              "updateNextMove": [Function],
              "updatePlayerOnePossibleWinCombo": [Function],
              "updatePlayerOnePossibleWinIndex": [Function],
              "updatePossibleWinCombo": [Function],
            },
          }
    }
    compEnabled={false}
    current_positions={Array []}
    dispatch={[Function]}
    gameOver={false}
    gameType=""
    game_message="Select opponent type."
    isTie={false}
    next_moves={Array []}
    picked_player={false}
    player1IndexPossibleWin={Array []}
    player1_score={0}
    player2_score={0}
    player_one_possible_winning_combo={
        Array [
            Array [
              Array [
                0,
                0,
              ],
              Array [
                0,
                1,
              ],
              Array [
                0,
                2,
              ],
            ],
            Array [
              Array [
                1,
                0,
              ],
              Array [
                1,
                1,
              ],
              Array [
                1,
                2,
              ],
            ],
            Array [
              Array [
                2,
                0,
              ],
              Array [
                2,
                1,
              ],
              Array [
                2,
                2,
              ],
            ],
            Array [
              Array [
                0,
                0,
              ],
              Array [
                1,
                0,
              ],
              Array [
                2,
                0,
              ],
            ],
            Array [
              Array [
                0,
                1,
              ],
              Array [
                1,
                1,
              ],
              Array [
                2,
                1,
              ],
            ],
            Array [
              Array [
                0,
                2,
              ],
              Array [
                1,
                2,
              ],
              Array [
                2,
                2,
              ],
            ],
            Array [
              Array [
                0,
                0,
              ],
              Array [
                1,
                1,
              ],
              Array [
                2,
                2,
              ],
            ],
            Array [
              Array [
                0,
                2,
              ],
              Array [
                1,
                1,
              ],
              Array [
                2,
                0,
              ],
            ],
          ]
    }
    player_one_turn={true}
    possible_winning_combo={
        Array [
            Array [
              Array [
                0,
                0,
              ],
              Array [
                0,
                1,
              ],
              Array [
                0,
                2,
              ],
            ],
            Array [
              Array [
                1,
                0,
              ],
              Array [
                1,
                1,
              ],
              Array [
                1,
                2,
              ],
            ],
            Array [
              Array [
                2,
                0,
              ],
              Array [
                2,
                1,
              ],
              Array [
                2,
                2,
              ],
            ],
            Array [
              Array [
                0,
                0,
              ],
              Array [
                1,
                0,
              ],
              Array [
                2,
                0,
              ],
            ],
            Array [
              Array [
                0,
                1,
              ],
              Array [
                1,
                1,
              ],
              Array [
                2,
                1,
              ],
            ],
            Array [
              Array [
                0,
                2,
              ],
              Array [
                1,
                2,
              ],
              Array [
                2,
                2,
              ],
            ],
            Array [
              Array [
                0,
                0,
              ],
              Array [
                1,
                1,
              ],
              Array [
                2,
                2,
              ],
            ],
            Array [
              Array [
                0,
                2,
              ],
              Array [
                1,
                1,
              ],
              Array [
                2,
                0,
              ],
            ],
          ]
    }
    remaining_turns={9}
    tictactoe_boxes={
        Array [
            Array [
              "",
              "",
              "",
            ],
            Array [
              "",
              "",
              "",
            ],
            Array [
              "",
              "",
              "",
            ],
          ]
    }
    winIndex=""
/>,
  Symbol(enzyme.__renderer__): Object {
    "batchedUpdates": [Function],
    "checkPropTypes": [Function],
    "getNode": [Function],
    "render": [Function],
    "simulateError": [Function],
    "simulateEvent": [Function],
    "unmount": [Function],
  },
  Symbol(enzyme.__node__): Object {
    "instance": null,
    "key": undefined,
    "nodeType": "host",
    "props": Object {
      "children": Array [
        <withRouter(Connect(GamesHead))
          action_props={
                    Object {
                              "games_action": Object {
                                "setCurrentPlayer": [Function],
                                "setGameMessage": [Function],
                                "setGameOver": [Function],
                                "setGameType": [Function],
                                "setPlayer1Score": [Function],
                                "setPlayer2Score": [Function],
                                "setTie": [Function],
                              },
                              "tic_tac_toe_action": Object {
                                "adjust_number_of_turns": [Function],
                                "setTicTacToeCell": [Function],
                                "setWinIndex": [Function],
                                "updateCurrentPositions": [Function],
                                "updateNextMove": [Function],
                                "updatePlayerOnePossibleWinCombo": [Function],
                                "updatePlayerOnePossibleWinIndex": [Function],
                                "updatePossibleWinCombo": [Function],
                              },
                            }
          }
/>,
        <div
          className="Boxes"
          id="board"
>
          <table
                    className="tictactoetable"
                    id="notdisabled"
          >
                    <tbody>
                              <tr
                                        id="row1"
                              >
                                        <td
                                                  className="tictactoe-cell"
                                                  id="{\\"row_key\\":0,\\"data_key\\":0}"
                                                  onClick={[Function]}
                                        >
                                                   
                                                  
                                                   
                                        </td>
                                        <td
                                                  className="tictactoe-cell"
                                                  id="{\\"row_key\\":0,\\"data_key\\":1}"
                                                  onClick={[Function]}
                                        >
                                                   
                                                  
                                                   
                                        </td>
                                        <td
                                                  className="tictactoe-cell"
                                                  id="{\\"row_key\\":0,\\"data_key\\":2}"
                                                  onClick={[Function]}
                                        >
                                                   
                                                  
                                                   
                                        </td>
                              </tr>
                              <tr
                                        id="row2"
                              >
                                        <td
                                                  className="tictactoe-cell"
                                                  id="{\\"row_key\\":1,\\"data_key\\":0}"
                                                  onClick={[Function]}
                                        >
                                                   
                                                  
                                                   
                                        </td>
                                        <td
                                                  className="tictactoe-cell"
                                                  id="{\\"row_key\\":1,\\"data_key\\":1}"
                                                  onClick={[Function]}
                                        >
                                                   
                                                  
                                                   
                                        </td>
                                        <td
                                                  className="tictactoe-cell"
                                                  id="{\\"row_key\\":1,\\"data_key\\":2}"
                                                  onClick={[Function]}
                                        >
                                                   
                                                  
                                                   
                                        </td>
                              </tr>
                              <tr
                                        id="row3"
                              >
                                        <td
                                                  className="tictactoe-cell"
                                                  id="{\\"row_key\\":2,\\"data_key\\":0}"
                                                  onClick={[Function]}
                                        >
                                                   
                                                  
                                                   
                                        </td>
                                        <td
                                                  className="tictactoe-cell"
                                                  id="{\\"row_key\\":2,\\"data_key\\":1}"
                                                  onClick={[Function]}
                                        >
                                                   
                                                  
                                                   
                                        </td>
                                        <td
                                                  className="tictactoe-cell"
                                                  id="{\\"row_key\\":2,\\"data_key\\":2}"
                                                  onClick={[Function]}
                                        >
                                                   
                                                  
                                                   
                                        </td>
                              </tr>
                    </tbody>
          </table>
</div>,
      ],
      "id": "main",
    },
    "ref": null,
    "rendered": Array [
      Object {
        "instance": null,
        "key": undefined,
        "nodeType": "function",
        "props": Object {
          "action_props": Object {
            "games_action": Object {
              "setCurrentPlayer": [Function],
              "setGameMessage": [Function],
              "setGameOver": [Function],
              "setGameType": [Function],
              "setPlayer1Score": [Function],
              "setPlayer2Score": [Function],
              "setTie": [Function],
            },
            "tic_tac_toe_action": Object {
              "adjust_number_of_turns": [Function],
              "setTicTacToeCell": [Function],
              "setWinIndex": [Function],
              "updateCurrentPositions": [Function],
              "updateNextMove": [Function],
              "updatePlayerOnePossibleWinCombo": [Function],
              "updatePlayerOnePossibleWinIndex": [Function],
              "updatePossibleWinCombo": [Function],
            },
          },
        },
        "ref": null,
        "rendered": null,
        "type": [Function],
      },
      Object {
        "instance": null,
        "key": undefined,
        "nodeType": "host",
        "props": Object {
          "children": <table
            className="tictactoetable"
            id="notdisabled"
>
            <tbody>
                        <tr
                                    id="row1"
                        >
                                    <td
                                                className="tictactoe-cell"
                                                id="{\\"row_key\\":0,\\"data_key\\":0}"
                                                onClick={[Function]}
                                    >
                                                 
                                                
                                                 
                                    </td>
                                    <td
                                                className="tictactoe-cell"
                                                id="{\\"row_key\\":0,\\"data_key\\":1}"
                                                onClick={[Function]}
                                    >
                                                 
                                                
                                                 
                                    </td>
                                    <td
                                                className="tictactoe-cell"
                                                id="{\\"row_key\\":0,\\"data_key\\":2}"
                                                onClick={[Function]}
                                    >
                                                 
                                                
                                                 
                                    </td>
                        </tr>
                        <tr
                                    id="row2"
                        >
                                    <td
                                                className="tictactoe-cell"
                                                id="{\\"row_key\\":1,\\"data_key\\":0}"
                                                onClick={[Function]}
                                    >
                                                 
                                                
                                                 
                                    </td>
                                    <td
                                                className="tictactoe-cell"
                                                id="{\\"row_key\\":1,\\"data_key\\":1}"
                                                onClick={[Function]}
                                    >
                                                 
                                                
                                                 
                                    </td>
                                    <td
                                                className="tictactoe-cell"
                                                id="{\\"row_key\\":1,\\"data_key\\":2}"
                                                onClick={[Function]}
                                    >
                                                 
                                                
                                                 
                                    </td>
                        </tr>
                        <tr
                                    id="row3"
                        >
                                    <td
                                                className="tictactoe-cell"
                                                id="{\\"row_key\\":2,\\"data_key\\":0}"
                                                onClick={[Function]}
                                    >
                                                 
                                                
                                                 
                                    </td>
                                    <td
                                                className="tictactoe-cell"
                                                id="{\\"row_key\\":2,\\"data_key\\":1}"
                                                onClick={[Function]}
                                    >
                                                 
                                                
                                                 
                                    </td>
                                    <td
                                                className="tictactoe-cell"
                                                id="{\\"row_key\\":2,\\"data_key\\":2}"
                                                onClick={[Function]}
                                    >
                                                 
                                                
                                                 
                                    </td>
                        </tr>
            </tbody>
</table>,
          "className": "Boxes",
          "id": "board",
        },
        "ref": null,
        "rendered": Object {
          "instance": null,
          "key": undefined,
          "nodeType": "host",
          "props": Object {
            "children": <tbody>
              <tr
                            id="row1"
              >
                            <td
                                          className="tictactoe-cell"
                                          id="{\\"row_key\\":0,\\"data_key\\":0}"
                                          onClick={[Function]}
                            >
                                           
                                          
                                           
                            </td>
                            <td
                                          className="tictactoe-cell"
                                          id="{\\"row_key\\":0,\\"data_key\\":1}"
                                          onClick={[Function]}
                            >
                                           
                                          
                                           
                            </td>
                            <td
                                          className="tictactoe-cell"
                                          id="{\\"row_key\\":0,\\"data_key\\":2}"
                                          onClick={[Function]}
                            >
                                           
                                          
                                           
                            </td>
              </tr>
              <tr
                            id="row2"
              >
                            <td
                                          className="tictactoe-cell"
                                          id="{\\"row_key\\":1,\\"data_key\\":0}"
                                          onClick={[Function]}
                            >
                                           
                                          
                                           
                            </td>
                            <td
                                          className="tictactoe-cell"
                                          id="{\\"row_key\\":1,\\"data_key\\":1}"
                                          onClick={[Function]}
                            >
                                           
                                          
                                           
                            </td>
                            <td
                                          className="tictactoe-cell"
                                          id="{\\"row_key\\":1,\\"data_key\\":2}"
                                          onClick={[Function]}
                            >
                                           
                                          
                                           
                            </td>
              </tr>
              <tr
                            id="row3"
              >
                            <td
                                          className="tictactoe-cell"
                                          id="{\\"row_key\\":2,\\"data_key\\":0}"
                                          onClick={[Function]}
                            >
                                           
                                          
                                           
                            </td>
                            <td
                                          className="tictactoe-cell"
                                          id="{\\"row_key\\":2,\\"data_key\\":1}"
                                          onClick={[Function]}
                            >
                                           
                                          
                                           
                            </td>
                            <td
                                          className="tictactoe-cell"
                                          id="{\\"row_key\\":2,\\"data_key\\":2}"
                                          onClick={[Function]}
                            >
                                           
                                          
                                           
                            </td>
              </tr>
</tbody>,
            "className": "tictactoetable",
            "id": "notdisabled",
          },
          "ref": null,
          "rendered": Object {
            "instance": null,
            "key": undefined,
            "nodeType": "host",
            "props": Object {
              "children": Array [
                <tr
                  id="row1"
>
                  <td
                                    className="tictactoe-cell"
                                    id="{\\"row_key\\":0,\\"data_key\\":0}"
                                    onClick={[Function]}
                  >
                                     
                                    
                                     
                  </td>
                  <td
                                    className="tictactoe-cell"
                                    id="{\\"row_key\\":0,\\"data_key\\":1}"
                                    onClick={[Function]}
                  >
                                     
                                    
                                     
                  </td>
                  <td
                                    className="tictactoe-cell"
                                    id="{\\"row_key\\":0,\\"data_key\\":2}"
                                    onClick={[Function]}
                  >
                                     
                                    
                                     
                  </td>
</tr>,
                <tr
                  id="row2"
>
                  <td
                                    className="tictactoe-cell"
                                    id="{\\"row_key\\":1,\\"data_key\\":0}"
                                    onClick={[Function]}
                  >
                                     
                                    
                                     
                  </td>
                  <td
                                    className="tictactoe-cell"
                                    id="{\\"row_key\\":1,\\"data_key\\":1}"
                                    onClick={[Function]}
                  >
                                     
                                    
                                     
                  </td>
                  <td
                                    className="tictactoe-cell"
                                    id="{\\"row_key\\":1,\\"data_key\\":2}"
                                    onClick={[Function]}
                  >
                                     
                                    
                                     
                  </td>
</tr>,
                <tr
                  id="row3"
>
                  <td
                                    className="tictactoe-cell"
                                    id="{\\"row_key\\":2,\\"data_key\\":0}"
                                    onClick={[Function]}
                  >
                                     
                                    
                                     
                  </td>
                  <td
                                    className="tictactoe-cell"
                                    id="{\\"row_key\\":2,\\"data_key\\":1}"
                                    onClick={[Function]}
                  >
                                     
                                    
                                     
                  </td>
                  <td
                                    className="tictactoe-cell"
                                    id="{\\"row_key\\":2,\\"data_key\\":2}"
                                    onClick={[Function]}
                  >
                                     
                                    
                                     
                  </td>
</tr>,
              ],
            },
            "ref": null,
            "rendered": Array [
              Object {
                "instance": null,
                "key": "0",
                "nodeType": "host",
                "props": Object {
                  "children": Array [
                    <td
                      className="tictactoe-cell"
                      id="{\\"row_key\\":0,\\"data_key\\":0}"
                      onClick={[Function]}
>
                       
                      
                       
</td>,
                    <td
                      className="tictactoe-cell"
                      id="{\\"row_key\\":0,\\"data_key\\":1}"
                      onClick={[Function]}
>
                       
                      
                       
</td>,
                    <td
                      className="tictactoe-cell"
                      id="{\\"row_key\\":0,\\"data_key\\":2}"
                      onClick={[Function]}
>
                       
                      
                       
</td>,
                  ],
                  "id": "row1",
                },
                "ref": null,
                "rendered": Array [
                  Object {
                    "instance": null,
                    "key": "0",
                    "nodeType": "host",
                    "props": Object {
                      "children": Array [
                        " ",
                        "",
                        " ",
                      ],
                      "className": "tictactoe-cell",
                      "id": "{\\"row_key\\":0,\\"data_key\\":0}",
                      "onClick": [Function],
                    },
                    "ref": null,
                    "rendered": Array [
                      " ",
                      "",
                      " ",
                    ],
                    "type": "td",
                  },
                  Object {
                    "instance": null,
                    "key": "1",
                    "nodeType": "host",
                    "props": Object {
                      "children": Array [
                        " ",
                        "",
                        " ",
                      ],
                      "className": "tictactoe-cell",
                      "id": "{\\"row_key\\":0,\\"data_key\\":1}",
                      "onClick": [Function],
                    },
                    "ref": null,
                    "rendered": Array [
                      " ",
                      "",
                      " ",
                    ],
                    "type": "td",
                  },
                  Object {
                    "instance": null,
                    "key": "2",
                    "nodeType": "host",
                    "props": Object {
                      "children": Array [
                        " ",
                        "",
                        " ",
                      ],
                      "className": "tictactoe-cell",
                      "id": "{\\"row_key\\":0,\\"data_key\\":2}",
                      "onClick": [Function],
                    },
                    "ref": null,
                    "rendered": Array [
                      " ",
                      "",
                      " ",
                    ],
                    "type": "td",
                  },
                ],
                "type": "tr",
              },
              Object {
                "instance": null,
                "key": "1",
                "nodeType": "host",
                "props": Object {
                  "children": Array [
                    <td
                      className="tictactoe-cell"
                      id="{\\"row_key\\":1,\\"data_key\\":0}"
                      onClick={[Function]}
>
                       
                      
                       
</td>,
                    <td
                      className="tictactoe-cell"
                      id="{\\"row_key\\":1,\\"data_key\\":1}"
                      onClick={[Function]}
>
                       
                      
                       
</td>,
                    <td
                      className="tictactoe-cell"
                      id="{\\"row_key\\":1,\\"data_key\\":2}"
                      onClick={[Function]}
>
                       
                      
                       
</td>,
                  ],
                  "id": "row2",
                },
                "ref": null,
                "rendered": Array [
                  Object {
                    "instance": null,
                    "key": "0",
                    "nodeType": "host",
                    "props": Object {
                      "children": Array [
                        " ",
                        "",
                        " ",
                      ],
                      "className": "tictactoe-cell",
                      "id": "{\\"row_key\\":1,\\"data_key\\":0}",
                      "onClick": [Function],
                    },
                    "ref": null,
                    "rendered": Array [
                      " ",
                      "",
                      " ",
                    ],
                    "type": "td",
                  },
                  Object {
                    "instance": null,
                    "key": "1",
                    "nodeType": "host",
                    "props": Object {
                      "children": Array [
                        " ",
                        "",
                        " ",
                      ],
                      "className": "tictactoe-cell",
                      "id": "{\\"row_key\\":1,\\"data_key\\":1}",
                      "onClick": [Function],
                    },
                    "ref": null,
                    "rendered": Array [
                      " ",
                      "",
                      " ",
                    ],
                    "type": "td",
                  },
                  Object {
                    "instance": null,
                    "key": "2",
                    "nodeType": "host",
                    "props": Object {
                      "children": Array [
                        " ",
                        "",
                        " ",
                      ],
                      "className": "tictactoe-cell",
                      "id": "{\\"row_key\\":1,\\"data_key\\":2}",
                      "onClick": [Function],
                    },
                    "ref": null,
                    "rendered": Array [
                      " ",
                      "",
                      " ",
                    ],
                    "type": "td",
                  },
                ],
                "type": "tr",
              },
              Object {
                "instance": null,
                "key": "2",
                "nodeType": "host",
                "props": Object {
                  "children": Array [
                    <td
                      className="tictactoe-cell"
                      id="{\\"row_key\\":2,\\"data_key\\":0}"
                      onClick={[Function]}
>
                       
                      
                       
</td>,
                    <td
                      className="tictactoe-cell"
                      id="{\\"row_key\\":2,\\"data_key\\":1}"
                      onClick={[Function]}
>
                       
                      
                       
</td>,
                    <td
                      className="tictactoe-cell"
                      id="{\\"row_key\\":2,\\"data_key\\":2}"
                      onClick={[Function]}
>
                       
                      
                       
</td>,
                  ],
                  "id": "row3",
                },
                "ref": null,
                "rendered": Array [
                  Object {
                    "instance": null,
                    "key": "0",
                    "nodeType": "host",
                    "props": Object {
                      "children": Array [
                        " ",
                        "",
                        " ",
                      ],
                      "className": "tictactoe-cell",
                      "id": "{\\"row_key\\":2,\\"data_key\\":0}",
                      "onClick": [Function],
                    },
                    "ref": null,
                    "rendered": Array [
                      " ",
                      "",
                      " ",
                    ],
                    "type": "td",
                  },
                  Object {
                    "instance": null,
                    "key": "1",
                    "nodeType": "host",
                    "props": Object {
                      "children": Array [
                        " ",
                        "",
                        " ",
                      ],
                      "className": "tictactoe-cell",
                      "id": "{\\"row_key\\":2,\\"data_key\\":1}",
                      "onClick": [Function],
                    },
                    "ref": null,
                    "rendered": Array [
                      " ",
                      "",
                      " ",
                    ],
                    "type": "td",
                  },
                  Object {
                    "instance": null,
                    "key": "2",
                    "nodeType": "host",
                    "props": Object {
                      "children": Array [
                        " ",
                        "",
                        " ",
                      ],
                      "className": "tictactoe-cell",
                      "id": "{\\"row_key\\":2,\\"data_key\\":2}",
                      "onClick": [Function],
                    },
                    "ref": null,
                    "rendered": Array [
                      " ",
                      "",
                      " ",
                    ],
                    "type": "td",
                  },
                ],
                "type": "tr",
              },
            ],
            "type": "tbody",
          },
          "type": "table",
        },
        "type": "div",
      },
    ],
    "type": "section",
  },
  Symbol(enzyme.__nodes__): Array [
    Object {
      "instance": null,
      "key": undefined,
      "nodeType": "host",
      "props": Object {
        "children": Array [
          <withRouter(Connect(GamesHead))
            action_props={
                        Object {
                                    "games_action": Object {
                                      "setCurrentPlayer": [Function],
                                      "setGameMessage": [Function],
                                      "setGameOver": [Function],
                                      "setGameType": [Function],
                                      "setPlayer1Score": [Function],
                                      "setPlayer2Score": [Function],
                                      "setTie": [Function],
                                    },
                                    "tic_tac_toe_action": Object {
                                      "adjust_number_of_turns": [Function],
                                      "setTicTacToeCell": [Function],
                                      "setWinIndex": [Function],
                                      "updateCurrentPositions": [Function],
                                      "updateNextMove": [Function],
                                      "updatePlayerOnePossibleWinCombo": [Function],
                                      "updatePlayerOnePossibleWinIndex": [Function],
                                      "updatePossibleWinCombo": [Function],
                                    },
                                  }
            }
/>,
          <div
            className="Boxes"
            id="board"
>
            <table
                        className="tictactoetable"
                        id="notdisabled"
            >
                        <tbody>
                                    <tr
                                                id="row1"
                                    >
                                                <td
                                                            className="tictactoe-cell"
                                                            id="{\\"row_key\\":0,\\"data_key\\":0}"
                                                            onClick={[Function]}
                                                >
                                                             
                                                            
                                                             
                                                </td>
                                                <td
                                                            className="tictactoe-cell"
                                                            id="{\\"row_key\\":0,\\"data_key\\":1}"
                                                            onClick={[Function]}
                                                >
                                                             
                                                            
                                                             
                                                </td>
                                                <td
                                                            className="tictactoe-cell"
                                                            id="{\\"row_key\\":0,\\"data_key\\":2}"
                                                            onClick={[Function]}
                                                >
                                                             
                                                            
                                                             
                                                </td>
                                    </tr>
                                    <tr
                                                id="row2"
                                    >
                                                <td
                                                            className="tictactoe-cell"
                                                            id="{\\"row_key\\":1,\\"data_key\\":0}"
                                                            onClick={[Function]}
                                                >
                                                             
                                                            
                                                             
                                                </td>
                                                <td
                                                            className="tictactoe-cell"
                                                            id="{\\"row_key\\":1,\\"data_key\\":1}"
                                                            onClick={[Function]}
                                                >
                                                             
                                                            
                                                             
                                                </td>
                                                <td
                                                            className="tictactoe-cell"
                                                            id="{\\"row_key\\":1,\\"data_key\\":2}"
                                                            onClick={[Function]}
                                                >
                                                             
                                                            
                                                             
                                                </td>
                                    </tr>
                                    <tr
                                                id="row3"
                                    >
                                                <td
                                                            className="tictactoe-cell"
                                                            id="{\\"row_key\\":2,\\"data_key\\":0}"
                                                            onClick={[Function]}
                                                >
                                                             
                                                            
                                                             
                                                </td>
                                                <td
                                                            className="tictactoe-cell"
                                                            id="{\\"row_key\\":2,\\"data_key\\":1}"
                                                            onClick={[Function]}
                                                >
                                                             
                                                            
                                                             
                                                </td>
                                                <td
                                                            className="tictactoe-cell"
                                                            id="{\\"row_key\\":2,\\"data_key\\":2}"
                                                            onClick={[Function]}
                                                >
                                                             
                                                            
                                                             
                                                </td>
                                    </tr>
                        </tbody>
            </table>
</div>,
        ],
        "id": "main",
      },
      "ref": null,
      "rendered": Array [
        Object {
          "instance": null,
          "key": undefined,
          "nodeType": "function",
          "props": Object {
            "action_props": Object {
              "games_action": Object {
                "setCurrentPlayer": [Function],
                "setGameMessage": [Function],
                "setGameOver": [Function],
                "setGameType": [Function],
                "setPlayer1Score": [Function],
                "setPlayer2Score": [Function],
                "setTie": [Function],
              },
              "tic_tac_toe_action": Object {
                "adjust_number_of_turns": [Function],
                "setTicTacToeCell": [Function],
                "setWinIndex": [Function],
                "updateCurrentPositions": [Function],
                "updateNextMove": [Function],
                "updatePlayerOnePossibleWinCombo": [Function],
                "updatePlayerOnePossibleWinIndex": [Function],
                "updatePossibleWinCombo": [Function],
              },
            },
          },
          "ref": null,
          "rendered": null,
          "type": [Function],
        },
        Object {
          "instance": null,
          "key": undefined,
          "nodeType": "host",
          "props": Object {
            "children": <table
              className="tictactoetable"
              id="notdisabled"
>
              <tbody>
                            <tr
                                          id="row1"
                            >
                                          <td
                                                        className="tictactoe-cell"
                                                        id="{\\"row_key\\":0,\\"data_key\\":0}"
                                                        onClick={[Function]}
                                          >
                                                         
                                                        
                                                         
                                          </td>
                                          <td
                                                        className="tictactoe-cell"
                                                        id="{\\"row_key\\":0,\\"data_key\\":1}"
                                                        onClick={[Function]}
                                          >
                                                         
                                                        
                                                         
                                          </td>
                                          <td
                                                        className="tictactoe-cell"
                                                        id="{\\"row_key\\":0,\\"data_key\\":2}"
                                                        onClick={[Function]}
                                          >
                                                         
                                                        
                                                         
                                          </td>
                            </tr>
                            <tr
                                          id="row2"
                            >
                                          <td
                                                        className="tictactoe-cell"
                                                        id="{\\"row_key\\":1,\\"data_key\\":0}"
                                                        onClick={[Function]}
                                          >
                                                         
                                                        
                                                         
                                          </td>
                                          <td
                                                        className="tictactoe-cell"
                                                        id="{\\"row_key\\":1,\\"data_key\\":1}"
                                                        onClick={[Function]}
                                          >
                                                         
                                                        
                                                         
                                          </td>
                                          <td
                                                        className="tictactoe-cell"
                                                        id="{\\"row_key\\":1,\\"data_key\\":2}"
                                                        onClick={[Function]}
                                          >
                                                         
                                                        
                                                         
                                          </td>
                            </tr>
                            <tr
                                          id="row3"
                            >
                                          <td
                                                        className="tictactoe-cell"
                                                        id="{\\"row_key\\":2,\\"data_key\\":0}"
                                                        onClick={[Function]}
                                          >
                                                         
                                                        
                                                         
                                          </td>
                                          <td
                                                        className="tictactoe-cell"
                                                        id="{\\"row_key\\":2,\\"data_key\\":1}"
                                                        onClick={[Function]}
                                          >
                                                         
                                                        
                                                         
                                          </td>
                                          <td
                                                        className="tictactoe-cell"
                                                        id="{\\"row_key\\":2,\\"data_key\\":2}"
                                                        onClick={[Function]}
                                          >
                                                         
                                                        
                                                         
                                          </td>
                            </tr>
              </tbody>
</table>,
            "className": "Boxes",
            "id": "board",
          },
          "ref": null,
          "rendered": Object {
            "instance": null,
            "key": undefined,
            "nodeType": "host",
            "props": Object {
              "children": <tbody>
                <tr
                                id="row1"
                >
                                <td
                                                className="tictactoe-cell"
                                                id="{\\"row_key\\":0,\\"data_key\\":0}"
                                                onClick={[Function]}
                                >
                                                 
                                                
                                                 
                                </td>
                                <td
                                                className="tictactoe-cell"
                                                id="{\\"row_key\\":0,\\"data_key\\":1}"
                                                onClick={[Function]}
                                >
                                                 
                                                
                                                 
                                </td>
                                <td
                                                className="tictactoe-cell"
                                                id="{\\"row_key\\":0,\\"data_key\\":2}"
                                                onClick={[Function]}
                                >
                                                 
                                                
                                                 
                                </td>
                </tr>
                <tr
                                id="row2"
                >
                                <td
                                                className="tictactoe-cell"
                                                id="{\\"row_key\\":1,\\"data_key\\":0}"
                                                onClick={[Function]}
                                >
                                                 
                                                
                                                 
                                </td>
                                <td
                                                className="tictactoe-cell"
                                                id="{\\"row_key\\":1,\\"data_key\\":1}"
                                                onClick={[Function]}
                                >
                                                 
                                                
                                                 
                                </td>
                                <td
                                                className="tictactoe-cell"
                                                id="{\\"row_key\\":1,\\"data_key\\":2}"
                                                onClick={[Function]}
                                >
                                                 
                                                
                                                 
                                </td>
                </tr>
                <tr
                                id="row3"
                >
                                <td
                                                className="tictactoe-cell"
                                                id="{\\"row_key\\":2,\\"data_key\\":0}"
                                                onClick={[Function]}
                                >
                                                 
                                                
                                                 
                                </td>
                                <td
                                                className="tictactoe-cell"
                                                id="{\\"row_key\\":2,\\"data_key\\":1}"
                                                onClick={[Function]}
                                >
                                                 
                                                
                                                 
                                </td>
                                <td
                                                className="tictactoe-cell"
                                                id="{\\"row_key\\":2,\\"data_key\\":2}"
                                                onClick={[Function]}
                                >
                                                 
                                                
                                                 
                                </td>
                </tr>
</tbody>,
              "className": "tictactoetable",
              "id": "notdisabled",
            },
            "ref": null,
            "rendered": Object {
              "instance": null,
              "key": undefined,
              "nodeType": "host",
              "props": Object {
                "children": Array [
                  <tr
                    id="row1"
>
                    <td
                                        className="tictactoe-cell"
                                        id="{\\"row_key\\":0,\\"data_key\\":0}"
                                        onClick={[Function]}
                    >
                                         
                                        
                                         
                    </td>
                    <td
                                        className="tictactoe-cell"
                                        id="{\\"row_key\\":0,\\"data_key\\":1}"
                                        onClick={[Function]}
                    >
                                         
                                        
                                         
                    </td>
                    <td
                                        className="tictactoe-cell"
                                        id="{\\"row_key\\":0,\\"data_key\\":2}"
                                        onClick={[Function]}
                    >
                                         
                                        
                                         
                    </td>
</tr>,
                  <tr
                    id="row2"
>
                    <td
                                        className="tictactoe-cell"
                                        id="{\\"row_key\\":1,\\"data_key\\":0}"
                                        onClick={[Function]}
                    >
                                         
                                        
                                         
                    </td>
                    <td
                                        className="tictactoe-cell"
                                        id="{\\"row_key\\":1,\\"data_key\\":1}"
                                        onClick={[Function]}
                    >
                                         
                                        
                                         
                    </td>
                    <td
                                        className="tictactoe-cell"
                                        id="{\\"row_key\\":1,\\"data_key\\":2}"
                                        onClick={[Function]}
                    >
                                         
                                        
                                         
                    </td>
</tr>,
                  <tr
                    id="row3"
>
                    <td
                                        className="tictactoe-cell"
                                        id="{\\"row_key\\":2,\\"data_key\\":0}"
                                        onClick={[Function]}
                    >
                                         
                                        
                                         
                    </td>
                    <td
                                        className="tictactoe-cell"
                                        id="{\\"row_key\\":2,\\"data_key\\":1}"
                                        onClick={[Function]}
                    >
                                         
                                        
                                         
                    </td>
                    <td
                                        className="tictactoe-cell"
                                        id="{\\"row_key\\":2,\\"data_key\\":2}"
                                        onClick={[Function]}
                    >
                                         
                                        
                                         
                    </td>
</tr>,
                ],
              },
              "ref": null,
              "rendered": Array [
                Object {
                  "instance": null,
                  "key": "0",
                  "nodeType": "host",
                  "props": Object {
                    "children": Array [
                      <td
                        className="tictactoe-cell"
                        id="{\\"row_key\\":0,\\"data_key\\":0}"
                        onClick={[Function]}
>
                         
                        
                         
</td>,
                      <td
                        className="tictactoe-cell"
                        id="{\\"row_key\\":0,\\"data_key\\":1}"
                        onClick={[Function]}
>
                         
                        
                         
</td>,
                      <td
                        className="tictactoe-cell"
                        id="{\\"row_key\\":0,\\"data_key\\":2}"
                        onClick={[Function]}
>
                         
                        
                         
</td>,
                    ],
                    "id": "row1",
                  },
                  "ref": null,
                  "rendered": Array [
                    Object {
                      "instance": null,
                      "key": "0",
                      "nodeType": "host",
                      "props": Object {
                        "children": Array [
                          " ",
                          "",
                          " ",
                        ],
                        "className": "tictactoe-cell",
                        "id": "{\\"row_key\\":0,\\"data_key\\":0}",
                        "onClick": [Function],
                      },
                      "ref": null,
                      "rendered": Array [
                        " ",
                        "",
                        " ",
                      ],
                      "type": "td",
                    },
                    Object {
                      "instance": null,
                      "key": "1",
                      "nodeType": "host",
                      "props": Object {
                        "children": Array [
                          " ",
                          "",
                          " ",
                        ],
                        "className": "tictactoe-cell",
                        "id": "{\\"row_key\\":0,\\"data_key\\":1}",
                        "onClick": [Function],
                      },
                      "ref": null,
                      "rendered": Array [
                        " ",
                        "",
                        " ",
                      ],
                      "type": "td",
                    },
                    Object {
                      "instance": null,
                      "key": "2",
                      "nodeType": "host",
                      "props": Object {
                        "children": Array [
                          " ",
                          "",
                          " ",
                        ],
                        "className": "tictactoe-cell",
                        "id": "{\\"row_key\\":0,\\"data_key\\":2}",
                        "onClick": [Function],
                      },
                      "ref": null,
                      "rendered": Array [
                        " ",
                        "",
                        " ",
                      ],
                      "type": "td",
                    },
                  ],
                  "type": "tr",
                },
                Object {
                  "instance": null,
                  "key": "1",
                  "nodeType": "host",
                  "props": Object {
                    "children": Array [
                      <td
                        className="tictactoe-cell"
                        id="{\\"row_key\\":1,\\"data_key\\":0}"
                        onClick={[Function]}
>
                         
                        
                         
</td>,
                      <td
                        className="tictactoe-cell"
                        id="{\\"row_key\\":1,\\"data_key\\":1}"
                        onClick={[Function]}
>
                         
                        
                         
</td>,
                      <td
                        className="tictactoe-cell"
                        id="{\\"row_key\\":1,\\"data_key\\":2}"
                        onClick={[Function]}
>
                         
                        
                         
</td>,
                    ],
                    "id": "row2",
                  },
                  "ref": null,
                  "rendered": Array [
                    Object {
                      "instance": null,
                      "key": "0",
                      "nodeType": "host",
                      "props": Object {
                        "children": Array [
                          " ",
                          "",
                          " ",
                        ],
                        "className": "tictactoe-cell",
                        "id": "{\\"row_key\\":1,\\"data_key\\":0}",
                        "onClick": [Function],
                      },
                      "ref": null,
                      "rendered": Array [
                        " ",
                        "",
                        " ",
                      ],
                      "type": "td",
                    },
                    Object {
                      "instance": null,
                      "key": "1",
                      "nodeType": "host",
                      "props": Object {
                        "children": Array [
                          " ",
                          "",
                          " ",
                        ],
                        "className": "tictactoe-cell",
                        "id": "{\\"row_key\\":1,\\"data_key\\":1}",
                        "onClick": [Function],
                      },
                      "ref": null,
                      "rendered": Array [
                        " ",
                        "",
                        " ",
                      ],
                      "type": "td",
                    },
                    Object {
                      "instance": null,
                      "key": "2",
                      "nodeType": "host",
                      "props": Object {
                        "children": Array [
                          " ",
                          "",
                          " ",
                        ],
                        "className": "tictactoe-cell",
                        "id": "{\\"row_key\\":1,\\"data_key\\":2}",
                        "onClick": [Function],
                      },
                      "ref": null,
                      "rendered": Array [
                        " ",
                        "",
                        " ",
                      ],
                      "type": "td",
                    },
                  ],
                  "type": "tr",
                },
                Object {
                  "instance": null,
                  "key": "2",
                  "nodeType": "host",
                  "props": Object {
                    "children": Array [
                      <td
                        className="tictactoe-cell"
                        id="{\\"row_key\\":2,\\"data_key\\":0}"
                        onClick={[Function]}
>
                         
                        
                         
</td>,
                      <td
                        className="tictactoe-cell"
                        id="{\\"row_key\\":2,\\"data_key\\":1}"
                        onClick={[Function]}
>
                         
                        
                         
</td>,
                      <td
                        className="tictactoe-cell"
                        id="{\\"row_key\\":2,\\"data_key\\":2}"
                        onClick={[Function]}
>
                         
                        
                         
</td>,
                    ],
                    "id": "row3",
                  },
                  "ref": null,
                  "rendered": Array [
                    Object {
                      "instance": null,
                      "key": "0",
                      "nodeType": "host",
                      "props": Object {
                        "children": Array [
                          " ",
                          "",
                          " ",
                        ],
                        "className": "tictactoe-cell",
                        "id": "{\\"row_key\\":2,\\"data_key\\":0}",
                        "onClick": [Function],
                      },
                      "ref": null,
                      "rendered": Array [
                        " ",
                        "",
                        " ",
                      ],
                      "type": "td",
                    },
                    Object {
                      "instance": null,
                      "key": "1",
                      "nodeType": "host",
                      "props": Object {
                        "children": Array [
                          " ",
                          "",
                          " ",
                        ],
                        "className": "tictactoe-cell",
                        "id": "{\\"row_key\\":2,\\"data_key\\":1}",
                        "onClick": [Function],
                      },
                      "ref": null,
                      "rendered": Array [
                        " ",
                        "",
                        " ",
                      ],
                      "type": "td",
                    },
                    Object {
                      "instance": null,
                      "key": "2",
                      "nodeType": "host",
                      "props": Object {
                        "children": Array [
                          " ",
                          "",
                          " ",
                        ],
                        "className": "tictactoe-cell",
                        "id": "{\\"row_key\\":2,\\"data_key\\":2}",
                        "onClick": [Function],
                      },
                      "ref": null,
                      "rendered": Array [
                        " ",
                        "",
                        " ",
                      ],
                      "type": "td",
                    },
                  ],
                  "type": "tr",
                },
              ],
              "type": "tbody",
            },
            "type": "table",
          },
          "type": "div",
        },
      ],
      "type": "section",
    },
  ],
  Symbol(enzyme.__options__): Object {
    "adapter": ReactSixteenAdapter {
      "options": Object {
        "enableComponentDidUpdateOnSetState": true,
        "legacyContextMode": "parent",
        "lifecycles": Object {
          "componentDidUpdate": Object {
            "onSetState": true,
          },
          "getChildContext": Object {
            "calledByRenderer": false,
          },
          "getDerivedStateFromError": true,
          "getDerivedStateFromProps": Object {
            "hasShouldComponentUpdateBug": false,
          },
          "getSnapshotBeforeUpdate": true,
          "setState": Object {
            "skipsComponentDidUpdateOnNullish": true,
          },
        },
      },
    },
    "disableLifeCycleMethods": true,
    Symbol(enzyme.__providerValues__): undefined,
  },
  Symbol(enzyme.__providerValues__): Map {},
  Symbol(enzyme.__childContext__): null,
}
`;
